{
  "shared": [
    {
      "type": "header",
      "children": [
        {
          "type": "menu",
          "children": []
        }
      ]
    },
    {
      "type": "footer",
      "children": [
        {
          "type": "simple_container",
          "children": [
            {
              "type": "column",
              "children": [
                {
                  "type": "text",
                  "children": []
                },
                {
                  "type": "text",
                  "children": []
                },
                {
                  "type": "form_container",
                  "children": [
                    {
                      "type": "input_text",
                      "children": []
                    }
                  ]
                },
                {
                  "type": "text",
                  "children": []
                },
                {
                  "type": "text",
                  "children": []
                },
                {
                  "type": "link",
                  "children": []
                },
                {
                  "type": "link",
                  "children": []
                },
                {
                  "type": "link",
                  "children": []
                },
                {
                  "type": "link",
                  "children": []
                },
                {
                  "type": "link",
                  "children": []
                },
                {
                  "type": "link",
                  "children": []
                },
                {
                  "type": "link",
                  "children": []
                },
                {
                  "type": "link",
                  "children": []
                },
                {
                  "type": "link",
                  "children": []
                },
                {
                  "type": "link",
                  "children": []
                },
                {
                  "type": "link",
                  "children": []
                },
                {
                  "type": "link",
                  "children": []
                }
              ]
            }
          ]
        }
      ]
    }
  ],
  "examples": [
    {
      "type": "heading",
      "children": []
    },
    {
      "type": "column",
      "children": [
        {
          "type": "simple_container",
          "children": [
            {
              "type": "heading",
              "children": []
            },
            {
              "type": "text",
              "children": []
            },
            {
              "type": "text",
              "children": []
            },
            {
              "type": "text",
              "children": []
            },
            {
              "type": "text",
              "children": []
            },
            {
              "type": "text",
              "children": []
            },
            {
              "type": "text",
              "children": []
            },
            {
              "type": "link",
              "children": []
            }
          ]
        },
        {
          "type": "simple_container",
          "children": [
            {
              "type": "heading",
              "children": []
            },
            {
              "type": "text",
              "children": []
            },
            {
              "type": "text",
              "children": []
            },
            {
              "type": "text",
              "children": []
            },
            {
              "type": "text",
              "children": []
            },
            {
              "type": "text",
              "children": []
            },
            {
              "type": "text",
              "children": []
            },
            {
              "type": "link",
              "children": []
            }
          ]
        },
        {
          "type": "simple_container",
          "children": [
            {
              "type": "heading",
              "children": []
            },
            {
              "type": "text",
              "children": []
            },
            {
              "type": "text",
              "children": []
            },
            {
              "type": "text",
              "children": []
            },
            {
              "type": "text",
              "children": []
            },
            {
              "type": "text",
              "children": []
            },
            {
              "type": "text",
              "children": []
            },
            {
              "type": "link",
              "children": []
            }
          ]
        }
      ]
    },
    {
      "type": "heading",
      "children": []
    },
    {
      "type": "table",
      "children": []
    },
    {
      "type": "heading",
      "children": []
    },
    {
      "type": "column",
      "children": [
        {
          "type": "iframe",
          "children": []
        },
        {
          "type": "form_container",
          "children": [
            {
              "type": "input_text",
              "children": []
            },
            {
              "type": "input_text",
              "children": []
            },
            {
              "type": "input_text",
              "children": []
            }
          ]
        },
        {
          "type": "text",
          "children": []
        }
      ]
    },
    {
      "type": "heading",
      "children": []
    },
    {
      "type": "column",
      "children": [
        {
          "type": "simple_container",
          "children": [
            {
              "type": "text",
              "children": []
            },
            {
              "type": "text",
              "children": []
            }
          ]
        },
        {
          "type": "simple_container",
          "children": [
            {
              "type": "text",
              "children": []
            },
            {
              "type": "text",
              "children": []
            }
          ]
        },
        {
          "type": "simple_container",
          "children": [
            {
              "type": "text",
              "children": []
            },
            {
              "type": "text",
              "children": []
            }
          ]
        },
        {
          "type": "simple_container",
          "children": [
            {
              "type": "text",
              "children": []
            },
            {
              "type": "text",
              "children": []
            }
          ]
        },
        {
          "type": "simple_container",
          "children": [
            {
              "type": "text",
              "children": []
            },
            {
              "type": "text",
              "children": []
            }
          ]
        },
        {
          "type": "simple_container",
          "children": [
            {
              "type": "text",
              "children": []
            },
            {
              "type": "text",
              "children": []
            }
          ]
        }
      ]
    },
    {
      "type": "column",
      "children": [
        {
          "type": "simple_container",
          "children": [
            {
              "type": "text",
              "children": []
            },
            {
              "type": "text",
              "children": []
            }
          ]
        },
        {
          "type": "simple_container",
          "children": [
            {
              "type": "text",
              "children": []
            },
            {
              "type": "text",
              "children": []
            }
          ]
        },
        {
          "type": "simple_container",
          "children": [
            {
              "type": "text",
              "children": []
            },
            {
              "type": "text",
              "children": []
            }
          ]
        }
      ]
    },
    {
      "type": "heading",
      "children": []
    },
    {
      "type": "heading",
      "children": []
    },
    {
      "type": "heading",
      "children": []
    },
    {
      "type": "heading",
      "children": []
    },
    {
      "type": "heading",
      "children": []
    },
    {
      "type": "heading",
      "children": []
    },
    {
      "type": "text",
      "children": []
    }
  ]
}