{
  "shared": [
    {
      "type": "header",
      "children": [
        {
          "type": "image",
          "children": []
        },
        {
          "type": "text",
          "children": []
        },
        {
          "type": "menu",
          "children": []
        }
      ]
    }
  ],
  "login": [
    {
      "type": "heading",
      "children": []
    },
    {
      "type": "auth_form",
      "children": []
    }
  ],
  "home": [
    {
      "type": "heading",
      "children": []
    },
    {
      "type": "link",
      "children": []
    },
    {
      "type": "table",
      "children": []
    },
    {
      "type": "table",
      "children": []
    }
  ],
  "assessment-details": [
    {
      "type": "heading",
      "children": []
    },
    {
      "type": "text",
      "children": []
    },
    {
      "type": "link",
      "children": []
    },
    {
      "type": "heading",
      "children": []
    },
    {
      "type": "column",
      "children": [
        {
          "type": "heading",
          "children": []
        },
        {
          "type": "heading",
          "children": []
        },
        {
          "type": "repeat",
          "children": [
            {
              "type": "text",
              "children": []
            }
          ]
        },
        {
          "type": "repeat",
          "children": [
            {
              "type": "text",
              "children": []
            }
          ]
        }
      ]
    },
    {
      "type": "heading",
      "children": []
    },
    {
      "type": "repeat",
      "children": [
        {
          "type": "text",
          "children": []
        },
        {
          "type": "column",
          "children": [
            {
              "type": "simple_container",
              "children": [
                {
                  "type": "text",
                  "children": []
                }
              ]
            },
            {
              "type": "text",
              "children": []
            }
          ]
        }
      ]
    }
  ],
  "question-choice": [
    {
      "type": "heading",
      "children": []
    },
    {
      "type": "form_container",
      "children": [
        {
          "type": "heading",
          "children": []
        },
        {
          "type": "choice",
          "children": []
        }
      ]
    }
  ],
  "question-text": [
    {
      "type": "heading",
      "children": []
    },
    {
      "type": "form_container",
      "children": [
        {
          "type": "heading",
          "children": []
        },
        {
          "type": "input_text",
          "children": []
        }
      ]
    }
  ],
  "question-rating": [
    {
      "type": "heading",
      "children": []
    },
    {
      "type": "form_container",
      "children": [
        {
          "type": "heading",
          "children": []
        },
        {
          "type": "rating_input",
          "children": []
        }
      ]
    }
  ],
  "update-question-choice": [
    {
      "type": "heading",
      "children": []
    },
    {
      "type": "form_container",
      "children": [
        {
          "type": "heading",
          "children": []
        },
        {
          "type": "choice",
          "children": []
        }
      ]
    }
  ],
  "update-question-text": [
    {
      "type": "heading",
      "children": []
    },
    {
      "type": "form_container",
      "children": [
        {
          "type": "heading",
          "children": []
        },
        {
          "type": "input_text",
          "children": []
        }
      ]
    }
  ],
  "update-question-rating": [
    {
      "type": "heading",
      "children": []
    },
    {
      "type": "form_container",
      "children": [
        {
          "type": "heading",
          "children": []
        },
        {
          "type": "rating_input",
          "children": []
        }
      ]
    }
  ],
  "response-overview": [
    {
      "type": "heading",
      "children": []
    },
    {
      "type": "repeat",
      "children": [
        {
          "type": "column",
          "children": [
            {
              "type": "text",
              "children": []
            },
            {
              "type": "link",
              "children": []
            },
            {
              "type": "text",
              "children": []
            }
          ]
        }
      ]
    }
  ],
  "non-completed-responses": [
    {
      "type": "heading",
      "children": []
    },
    {
      "type": "table",
      "children": []
    }
  ],
  "non-completed-responses-details": [
    {
      "type": "heading",
      "children": []
    },
    {
      "type": "heading",
      "children": []
    },
    {
      "type": "table",
      "children": []
    },
    {
      "type": "link",
      "children": []
    }
  ],
  "completed-responses": [
    {
      "type": "heading",
      "children": []
    },
    {
      "type": "table",
      "children": []
    }
  ],
  "add-assessment": [
    {
      "type": "heading",
      "children": []
    },
    {
      "type": "form_container",
      "children": [
        {
          "type": "input_text",
          "children": []
        },
        {
          "type": "input_text",
          "children": []
        }
      ]
    }
  ],
  "select-questions": [
    {
      "type": "heading",
      "children": []
    },
    {
      "type": "form_container",
      "children": [
        {
          "type": "checkbox",
          "children": []
        }
      ]
    },
    {
      "type": "heading",
      "children": []
    },
    {
      "type": "table",
      "children": []
    },
    {
      "type": "heading",
      "children": []
    },
    {
      "type": "table",
      "children": []
    }
  ]
}