{
  "shared": [
    {
      "type": "header",
      "children": [
        {
          "type": "image",
          "children": []
        },
        {
          "type": "column",
          "children": [
            {
              "type": "button",
              "children": []
            },
            {
              "type": "text",
              "children": []
            }
          ]
        }
      ]
    }
  ],
  "login": [
    {
      "type": "image",
      "children": []
    },
    {
      "type": "heading",
      "children": []
    },
    {
      "type": "auth_form",
      "children": []
    }
  ],
  "home": [
    {
      "type": "column",
      "children": [
        {
          "type": "link",
          "children": []
        },
        {
          "type": "link",
          "children": []
        },
        {
          "type": "link",
          "children": []
        },
        {
          "type": "link",
          "children": []
        }
      ]
    },
    {
      "type": "heading",
      "children": []
    },
    {
      "type": "repeat",
      "children": [
        {
          "type": "column",
          "children": [
            {
              "type": "image",
              "children": []
            }
          ]
        },
        {
          "type": "link",
          "children": []
        },
        {
          "type": "text",
          "children": []
        },
        {
          "type": "text",
          "children": []
        }
      ]
    },
    {
      "type": "heading",
      "children": []
    },
    {
      "type": "table",
      "children": []
    },
    {
      "type": "heading",
      "children": []
    },
    {
      "type": "table",
      "children": []
    },
    {
      "type": "heading",
      "children": []
    },
    {
      "type": "table",
      "children": []
    }
  ],
  "target-details": [
    {
      "type": "column",
      "children": [
        {
          "type": "link",
          "children": []
        },
        {
          "type": "link",
          "children": []
        },
        {
          "type": "link",
          "children": []
        },
        {
          "type": "link",
          "children": []
        }
      ]
    },
    {
      "type": "heading",
      "children": []
    },
    {
      "type": "column",
      "children": [
        {
          "type": "image",
          "children": []
        },
        {
          "type": "text",
          "children": []
        },
        {
          "type": "text",
          "children": []
        },
        {
          "type": "text",
          "children": []
        },
        {
          "type": "text",
          "children": []
        },
        {
          "type": "text",
          "children": []
        },
        {
          "type": "text",
          "children": []
        },
        {
          "type": "text",
          "children": []
        },
        {
          "type": "text",
          "children": []
        },
        {
          "type": "iframe",
          "children": []
        },
        {
          "type": "text",
          "children": []
        },
        {
          "type": "text",
          "children": []
        },
        {
          "type": "text",
          "children": []
        },
        {
          "type": "text",
          "children": []
        },
        {
          "type": "iframe",
          "children": []
        }
      ]
    },
    {
      "type": "text",
      "children": []
    },
    {
      "type": "heading",
      "children": []
    },
    {
      "type": "table",
      "children": []
    }
  ],
  "initiatives": [
    {
      "type": "column",
      "children": [
        {
          "type": "link",
          "children": []
        },
        {
          "type": "link",
          "children": []
        },
        {
          "type": "link",
          "children": []
        },
        {
          "type": "link",
          "children": []
        }
      ]
    },
    {
      "type": "heading",
      "children": []
    },
    {
      "type": "column",
      "children": [
        {
          "type": "heading",
          "children": []
        },
        {
          "type": "heading",
          "children": []
        },
        {
          "type": "heading",
          "children": []
        },
        {
          "type": "heading",
          "children": []
        },
        {
          "type": "text",
          "children": []
        },
        {
          "type": "text",
          "children": []
        },
        {
          "type": "text",
          "children": []
        },
        {
          "type": "text",
          "children": []
        }
      ]
    },
    {
      "type": "column",
      "children": [
        {
          "type": "repeat",
          "children": [
            {
              "type": "heading",
              "children": []
            },
            {
              "type": "text",
              "children": []
            },
            {
              "type": "text",
              "children": []
            },
            {
              "type": "text",
              "children": []
            },
            {
              "type": "text",
              "children": []
            },
            {
              "type": "text",
              "children": []
            },
            {
              "type": "text",
              "children": []
            },
            {
              "type": "text",
              "children": []
            },
            {
              "type": "text",
              "children": []
            },
            {
              "type": "text",
              "children": []
            },
            {
              "type": "text",
              "children": []
            },
            {
              "type": "link",
              "children": []
            }
          ]
        },
        {
          "type": "repeat",
          "children": [
            {
              "type": "heading",
              "children": []
            },
            {
              "type": "text",
              "children": []
            },
            {
              "type": "text",
              "children": []
            },
            {
              "type": "text",
              "children": []
            },
            {
              "type": "text",
              "children": []
            },
            {
              "type": "text",
              "children": []
            },
            {
              "type": "text",
              "children": []
            },
            {
              "type": "text",
              "children": []
            },
            {
              "type": "text",
              "children": []
            },
            {
              "type": "text",
              "children": []
            },
            {
              "type": "text",
              "children": []
            },
            {
              "type": "link",
              "children": []
            }
          ]
        },
        {
          "type": "repeat",
          "children": [
            {
              "type": "heading",
              "children": []
            },
            {
              "type": "text",
              "children": []
            },
            {
              "type": "text",
              "children": []
            },
            {
              "type": "text",
              "children": []
            },
            {
              "type": "text",
              "children": []
            },
            {
              "type": "text",
              "children": []
            },
            {
              "type": "text",
              "children": []
            },
            {
              "type": "text",
              "children": []
            },
            {
              "type": "text",
              "children": []
            },
            {
              "type": "text",
              "children": []
            },
            {
              "type": "text",
              "children": []
            },
            {
              "type": "link",
              "children": []
            }
          ]
        },
        {
          "type": "repeat",
          "children": [
            {
              "type": "heading",
              "children": []
            },
            {
              "type": "text",
              "children": []
            },
            {
              "type": "text",
              "children": []
            },
            {
              "type": "text",
              "children": []
            },
            {
              "type": "text",
              "children": []
            },
            {
              "type": "text",
              "children": []
            },
            {
              "type": "text",
              "children": []
            },
            {
              "type": "text",
              "children": []
            },
            {
              "type": "text",
              "children": []
            },
            {
              "type": "text",
              "children": []
            },
            {
              "type": "text",
              "children": []
            },
            {
              "type": "link",
              "children": []
            }
          ]
        }
      ]
    }
  ],
  "initiative-details": [
    {
      "type": "column",
      "children": [
        {
          "type": "link",
          "children": []
        },
        {
          "type": "link",
          "children": []
        },
        {
          "type": "link",
          "children": []
        },
        {
          "type": "link",
          "children": []
        }
      ]
    },
    {
      "type": "heading",
      "children": []
    },
    {
      "type": "text",
      "children": []
    },
    {
      "type": "column",
      "children": [
        {
          "type": "text",
          "children": []
        },
        {
          "type": "link",
          "children": []
        },
        {
          "type": "text",
          "children": []
        },
        {
          "type": "text",
          "children": []
        },
        {
          "type": "text",
          "children": []
        },
        {
          "type": "text",
          "children": []
        },
        {
          "type": "text",
          "children": []
        },
        {
          "type": "text",
          "children": []
        },
        {
          "type": "text",
          "children": []
        },
        {
          "type": "text",
          "children": []
        },
        {
          "type": "text",
          "children": []
        },
        {
          "type": "text",
          "children": []
        },
        {
          "type": "iframe",
          "children": []
        },
        {
          "type": "text",
          "children": []
        },
        {
          "type": "text",
          "children": []
        },
        {
          "type": "text",
          "children": []
        },
        {
          "type": "text",
          "children": []
        },
        {
          "type": "text",
          "children": []
        },
        {
          "type": "text",
          "children": []
        },
        {
          "type": "text",
          "children": []
        },
        {
          "type": "iframe",
          "children": []
        },
        {
          "type": "text",
          "children": []
        }
      ]
    },
    {
      "type": "heading",
      "children": []
    },
    {
      "type": "table",
      "children": []
    }
  ],
  "actions": [
    {
      "type": "column",
      "children": [
        {
          "type": "link",
          "children": []
        },
        {
          "type": "link",
          "children": []
        },
        {
          "type": "link",
          "children": []
        },
        {
          "type": "link",
          "children": []
        }
      ]
    },
    {
      "type": "heading",
      "children": []
    },
    {
      "type": "column",
      "children": [
        {
          "type": "heading",
          "children": []
        },
        {
          "type": "heading",
          "children": []
        },
        {
          "type": "heading",
          "children": []
        },
        {
          "type": "heading",
          "children": []
        }
      ]
    },
    {
      "type": "column",
      "children": [
        {
          "type": "repeat",
          "children": [
            {
              "type": "heading",
              "children": []
            },
            {
              "type": "text",
              "children": []
            },
            {
              "type": "text",
              "children": []
            },
            {
              "type": "text",
              "children": []
            },
            {
              "type": "text",
              "children": []
            },
            {
              "type": "text",
              "children": []
            },
            {
              "type": "text",
              "children": []
            },
            {
              "type": "text",
              "children": []
            },
            {
              "type": "text",
              "children": []
            },
            {
              "type": "link",
              "children": []
            },
            {
              "type": "link",
              "children": []
            }
          ]
        },
        {
          "type": "repeat",
          "children": [
            {
              "type": "heading",
              "children": []
            },
            {
              "type": "text",
              "children": []
            },
            {
              "type": "text",
              "children": []
            },
            {
              "type": "text",
              "children": []
            },
            {
              "type": "text",
              "children": []
            },
            {
              "type": "text",
              "children": []
            },
            {
              "type": "text",
              "children": []
            },
            {
              "type": "text",
              "children": []
            },
            {
              "type": "text",
              "children": []
            },
            {
              "type": "link",
              "children": []
            },
            {
              "type": "link",
              "children": []
            }
          ]
        },
        {
          "type": "repeat",
          "children": [
            {
              "type": "heading",
              "children": []
            },
            {
              "type": "text",
              "children": []
            },
            {
              "type": "text",
              "children": []
            },
            {
              "type": "text",
              "children": []
            },
            {
              "type": "text",
              "children": []
            },
            {
              "type": "text",
              "children": []
            },
            {
              "type": "text",
              "children": []
            },
            {
              "type": "text",
              "children": []
            },
            {
              "type": "text",
              "children": []
            },
            {
              "type": "link",
              "children": []
            },
            {
              "type": "link",
              "children": []
            }
          ]
        },
        {
          "type": "repeat",
          "children": [
            {
              "type": "heading",
              "children": []
            },
            {
              "type": "text",
              "children": []
            },
            {
              "type": "text",
              "children": []
            },
            {
              "type": "text",
              "children": []
            },
            {
              "type": "text",
              "children": []
            },
            {
              "type": "text",
              "children": []
            },
            {
              "type": "text",
              "children": []
            },
            {
              "type": "text",
              "children": []
            },
            {
              "type": "text",
              "children": []
            },
            {
              "type": "link",
              "children": []
            },
            {
              "type": "link",
              "children": []
            }
          ]
        }
      ]
    }
  ],
  "action-details": [
    {
      "type": "column",
      "children": [
        {
          "type": "link",
          "children": []
        },
        {
          "type": "link",
          "children": []
        },
        {
          "type": "link",
          "children": []
        },
        {
          "type": "link",
          "children": []
        }
      ]
    },
    {
      "type": "heading",
      "children": []
    },
    {
      "type": "text",
      "children": []
    },
    {
      "type": "column",
      "children": [
        {
          "type": "text",
          "children": []
        },
        {
          "type": "text",
          "children": []
        },
        {
          "type": "text",
          "children": []
        },
        {
          "type": "text",
          "children": []
        },
        {
          "type": "link",
          "children": []
        },
        {
          "type": "text",
          "children": []
        },
        {
          "type": "text",
          "children": []
        },
        {
          "type": "text",
          "children": []
        },
        {
          "type": "link",
          "children": []
        },
        {
          "type": "text",
          "children": []
        },
        {
          "type": "text",
          "children": []
        },
        {
          "type": "text",
          "children": []
        },
        {
          "type": "text",
          "children": []
        },
        {
          "type": "text",
          "children": []
        }
      ]
    },
    {
      "type": "heading",
      "children": []
    },
    {
      "type": "form_container",
      "children": [
        {
          "type": "input_text",
          "children": []
        }
      ]
    },
    {
      "type": "repeat",
      "children": [
        {
          "type": "text",
          "children": []
        },
        {
          "type": "text",
          "children": []
        }
      ]
    }
  ],
  "employees": [
    {
      "type": "column",
      "children": [
        {
          "type": "link",
          "children": []
        },
        {
          "type": "link",
          "children": []
        },
        {
          "type": "link",
          "children": []
        },
        {
          "type": "link",
          "children": []
        }
      ]
    },
    {
      "type": "heading",
      "children": []
    },
    {
      "type": "repeat",
      "children": [
        {
          "type": "column",
          "children": [
            {
              "type": "text",
              "children": []
            },
            {
              "type": "text",
              "children": []
            },
            {
              "type": "image",
              "children": []
            },
            {
              "type": "text",
              "children": []
            },
            {
              "type": "link",
              "children": []
            },
            {
              "type": "text",
              "children": []
            },
            {
              "type": "link",
              "children": []
            }
          ]
        }
      ]
    }
  ],
  "employee-details": [
    {
      "type": "column",
      "children": [
        {
          "type": "link",
          "children": []
        },
        {
          "type": "link",
          "children": []
        },
        {
          "type": "link",
          "children": []
        },
        {
          "type": "link",
          "children": []
        }
      ]
    },
    {
      "type": "heading",
      "children": []
    },
    {
      "type": "column",
      "children": [
        {
          "type": "image",
          "children": []
        },
        {
          "type": "text",
          "children": []
        },
        {
          "type": "text",
          "children": []
        },
        {
          "type": "text",
          "children": []
        },
        {
          "type": "text",
          "children": []
        },
        {
          "type": "text",
          "children": []
        },
        {
          "type": "link",
          "children": []
        },
        {
          "type": "text",
          "children": []
        },
        {
          "type": "text",
          "children": []
        }
      ]
    },
    {
      "type": "heading",
      "children": []
    },
    {
      "type": "table",
      "children": []
    }
  ]
}