{
  "shared": [
    {
      "type": "header",
      "children": [
        {
          "type": "image",
          "children": []
        }
      ]
    }
  ],
  "login": [
    {
      "type": "image",
      "children": []
    },
    {
      "type": "heading",
      "children": []
    },
    {
      "type": "auth_form",
      "children": []
    }
  ],
  "dashboard": [
    {
      "type": "heading",
      "children": []
    },
    {
      "type": "table",
      "children": []
    },
    {
      "type": "heading",
      "children": []
    },
    {
      "type": "repeat",
      "children": [
        {
          "type": "column",
          "children": [
            {
              "type": "heading",
              "children": []
            },
            {
              "type": "text",
              "children": []
            },
            {
              "type": "text",
              "children": []
            },
            {
              "type": "text",
              "children": []
            },
            {
              "type": "text",
              "children": []
            },
            {
              "type": "text",
              "children": []
            },
            {
              "type": "link",
              "children": []
            }
          ]
        }
      ]
    }
  ],
  "project-details": [
    {
      "type": "heading",
      "children": []
    },
    {
      "type": "heading",
      "children": []
    },
    {
      "type": "link",
      "children": []
    },
    {
      "type": "column",
      "children": [
        {
          "type": "text",
          "children": []
        },
        {
          "type": "text",
          "children": []
        },
        {
          "type": "text",
          "children": []
        },
        {
          "type": "text",
          "children": []
        },
        {
          "type": "text",
          "children": []
        },
        {
          "type": "text",
          "children": []
        },
        {
          "type": "text",
          "children": []
        },
        {
          "type": "text",
          "children": []
        }
      ]
    },
    {
      "type": "heading",
      "children": []
    },
    {
      "type": "link",
      "children": []
    },
    {
      "type": "repeat",
      "children": [
        {
          "type": "heading",
          "children": []
        },
        {
          "type": "text",
          "children": []
        },
        {
          "type": "text",
          "children": []
        },
        {
          "type": "link",
          "children": []
        },
        {
          "type": "text",
          "children": []
        }
      ]
    }
  ],
  "edit-project-details": [
    {
      "type": "heading",
      "children": []
    },
    {
      "type": "heading",
      "children": []
    },
    {
      "type": "button",
      "children": []
    },
    {
      "type": "column",
      "children": [
        {
          "type": "input_text",
          "children": []
        },
        {
          "type": "input_text",
          "children": []
        },
        {
          "type": "text",
          "children": []
        },
        {
          "type": "text",
          "children": []
        },
        {
          "type": "datetime_picker",
          "children": []
        },
        {
          "type": "datetime_picker",
          "children": []
        },
        {
          "type": "text",
          "children": []
        },
        {
          "type": "text",
          "children": []
        }
      ]
    },
    {
      "type": "heading",
      "children": []
    },
    {
      "type": "repeat",
      "children": [
        {
          "type": "heading",
          "children": []
        },
        {
          "type": "text",
          "children": []
        },
        {
          "type": "text",
          "children": []
        },
        {
          "type": "link",
          "children": []
        },
        {
          "type": "text",
          "children": []
        }
      ]
    }
  ],
  "homepage": [
    {
      "type": "heading",
      "children": []
    },
    {
      "type": "column",
      "children": [
        {
          "type": "input_text",
          "children": []
        },
        {
          "type": "link",
          "children": []
        }
      ]
    },
    {
      "type": "repeat",
      "children": [
        {
          "type": "column",
          "children": [
            {
              "type": "image",
              "children": []
            },
            {
              "type": "link",
              "children": []
            },
            {
              "type": "heading",
              "children": []
            },
            {
              "type": "text",
              "children": []
            },
            {
              "type": "text",
              "children": []
            },
            {
              "type": "text",
              "children": []
            },
            {
              "type": "text",
              "children": []
            }
          ]
        }
      ]
    }
  ],
  "freelancers": [
    {
      "type": "heading",
      "children": []
    },
    {
      "type": "repeat",
      "children": [
        {
          "type": "column",
          "children": [
            {
              "type": "image",
              "children": []
            },
            {
              "type": "link",
              "children": []
            },
            {
              "type": "heading",
              "children": []
            },
            {
              "type": "text",
              "children": []
            },
            {
              "type": "text",
              "children": []
            },
            {
              "type": "text",
              "children": []
            },
            {
              "type": "text",
              "children": []
            }
          ]
        }
      ]
    }
  ],
  "freelancer-details": [
    {
      "type": "heading",
      "children": []
    },
    {
      "type": "text",
      "children": []
    },
    {
      "type": "link",
      "children": []
    },
    {
      "type": "column",
      "children": [
        {
          "type": "text",
          "children": []
        },
        {
          "type": "image",
          "children": []
        },
        {
          "type": "text",
          "children": []
        },
        {
          "type": "text",
          "children": []
        },
        {
          "type": "text",
          "children": []
        },
        {
          "type": "text",
          "children": []
        },
        {
          "type": "text",
          "children": []
        },
        {
          "type": "link",
          "children": []
        },
        {
          "type": "text",
          "children": []
        },
        {
          "type": "text",
          "children": []
        }
      ]
    }
  ]
}