{
  "shared": [
    {
      "type": "header",
      "children": [
        {
          "type": "image",
          "children": []
        },
        {
          "type": "column",
          "children": [
            {
              "type": "link",
              "children": []
            },
            {
              "type": "link",
              "children": []
            },
            {
              "type": "link",
              "children": []
            },
            {
              "type": "link",
              "children": []
            }
          ]
        }
      ]
    }
  ],
  "login": [
    {
      "type": "image",
      "children": []
    },
    {
      "type": "heading",
      "children": []
    },
    {
      "type": "text",
      "children": []
    },
    {
      "type": "auth_form",
      "children": []
    }
  ],
  "home": [
    {
      "type": "heading",
      "children": []
    },
    {
      "type": "column",
      "children": [
        {
          "type": "heading",
          "children": []
        },
        {
          "type": "heading",
          "children": []
        },
        {
          "type": "heading",
          "children": []
        },
        {
          "type": "repeat",
          "children": [
            {
              "type": "text",
              "children": []
            },
            {
              "type": "text",
              "children": []
            },
            {
              "type": "text",
              "children": []
            },
            {
              "type": "link",
              "children": []
            },
            {
              "type": "text",
              "children": []
            },
            {
              "type": "text",
              "children": []
            },
            {
              "type": "button",
              "children": []
            }
          ]
        },
        {
          "type": "repeat",
          "children": [
            {
              "type": "text",
              "children": []
            },
            {
              "type": "text",
              "children": []
            },
            {
              "type": "text",
              "children": []
            },
            {
              "type": "text",
              "children": []
            },
            {
              "type": "text",
              "children": []
            },
            {
              "type": "text",
              "children": []
            },
            {
              "type": "text",
              "children": []
            },
            {
              "type": "text",
              "children": []
            },
            {
              "type": "text",
              "children": []
            },
            {
              "type": "text",
              "children": []
            },
            {
              "type": "button",
              "children": []
            }
          ]
        },
        {
          "type": "repeat",
          "children": [
            {
              "type": "text",
              "children": []
            },
            {
              "type": "text",
              "children": []
            },
            {
              "type": "text",
              "children": []
            },
            {
              "type": "text",
              "children": []
            },
            {
              "type": "text",
              "children": []
            },
            {
              "type": "text",
              "children": []
            },
            {
              "type": "text",
              "children": []
            },
            {
              "type": "text",
              "children": []
            },
            {
              "type": "text",
              "children": []
            },
            {
              "type": "text",
              "children": []
            },
            {
              "type": "button",
              "children": []
            }
          ]
        }
      ]
    }
  ],
  "screen": [
    {
      "type": "iframe",
      "children": []
    },
    {
      "type": "column",
      "children": [
        {
          "type": "heading",
          "children": []
        },
        {
          "type": "heading",
          "children": []
        },
        {
          "type": "heading",
          "children": []
        },
        {
          "type": "heading",
          "children": []
        }
      ]
    },
    {
      "type": "column",
      "children": [
        {
          "type": "heading",
          "children": []
        },
        {
          "type": "repeat",
          "children": [
            {
              "type": "heading",
              "children": []
            },
            {
              "type": "heading",
              "children": []
            },
            {
              "type": "heading",
              "children": []
            },
            {
              "type": "heading",
              "children": []
            },
            {
              "type": "iframe",
              "children": []
            },
            {
              "type": "heading",
              "children": []
            },
            {
              "type": "heading",
              "children": []
            },
            {
              "type": "heading",
              "children": []
            },
            {
              "type": "iframe",
              "children": []
            }
          ]
        },
        {
          "type": "repeat",
          "children": [
            {
              "type": "heading",
              "children": []
            },
            {
              "type": "heading",
              "children": []
            },
            {
              "type": "heading",
              "children": []
            },
            {
              "type": "iframe",
              "children": []
            },
            {
              "type": "heading",
              "children": []
            },
            {
              "type": "iframe",
              "children": []
            }
          ]
        },
        {
          "type": "repeat",
          "children": [
            {
              "type": "heading",
              "children": []
            },
            {
              "type": "heading",
              "children": []
            },
            {
              "type": "heading",
              "children": []
            },
            {
              "type": "heading",
              "children": []
            },
            {
              "type": "button",
              "children": []
            }
          ]
        },
        {
          "type": "heading",
          "children": []
        },
        {
          "type": "iframe",
          "children": []
        },
        {
          "type": "heading",
          "children": []
        },
        {
          "type": "heading",
          "children": []
        },
        {
          "type": "iframe",
          "children": []
        },
        {
          "type": "heading",
          "children": []
        },
        {
          "type": "heading",
          "children": []
        },
        {
          "type": "iframe",
          "children": []
        },
        {
          "type": "heading",
          "children": []
        },
        {
          "type": "heading",
          "children": []
        },
        {
          "type": "iframe",
          "children": []
        },
        {
          "type": "heading",
          "children": []
        },
        {
          "type": "heading",
          "children": []
        },
        {
          "type": "iframe",
          "children": []
        },
        {
          "type": "heading",
          "children": []
        },
        {
          "type": "heading",
          "children": []
        },
        {
          "type": "iframe",
          "children": []
        }
      ]
    }
  ],
  "route-details": [
    {
      "type": "button",
      "children": []
    },
    {
      "type": "image",
      "children": []
    },
    {
      "type": "heading",
      "children": []
    },
    {
      "type": "link",
      "children": []
    },
    {
      "type": "heading",
      "children": []
    },
    {
      "type": "iframe",
      "children": []
    },
    {
      "type": "heading",
      "children": []
    },
    {
      "type": "repeat",
      "children": [
        {
          "type": "column",
          "children": [
            {
              "type": "text",
              "children": []
            },
            {
              "type": "text",
              "children": []
            },
            {
              "type": "button",
              "children": []
            },
            {
              "type": "button",
              "children": []
            }
          ]
        }
      ]
    },
    {
      "type": "heading",
      "children": []
    },
    {
      "type": "repeat",
      "children": [
        {
          "type": "column",
          "children": [
            {
              "type": "text",
              "children": []
            },
            {
              "type": "text",
              "children": []
            }
          ]
        }
      ]
    },
    {
      "type": "heading",
      "children": []
    },
    {
      "type": "repeat",
      "children": [
        {
          "type": "column",
          "children": [
            {
              "type": "text",
              "children": []
            },
            {
              "type": "text",
              "children": []
            }
          ]
        }
      ]
    }
  ],
  "gift-assignment": [
    {
      "type": "heading",
      "children": []
    },
    {
      "type": "table",
      "children": []
    }
  ],
  "gift-production": [
    {
      "type": "heading",
      "children": []
    },
    {
      "type": "column",
      "children": [
        {
          "type": "heading",
          "children": []
        },
        {
          "type": "heading",
          "children": []
        },
        {
          "type": "table",
          "children": []
        },
        {
          "type": "heading",
          "children": []
        },
        {
          "type": "heading",
          "children": []
        },
        {
          "type": "table",
          "children": []
        }
      ]
    },
    {
      "type": "heading",
      "children": []
    },
    {
      "type": "heading",
      "children": []
    },
    {
      "type": "repeat",
      "children": [
        {
          "type": "column",
          "children": [
            {
              "type": "heading",
              "children": []
            },
            {
              "type": "text",
              "children": []
            },
            {
              "type": "form_container",
              "children": [
                {
                  "type": "datetime_picker",
                  "children": []
                },
                {
                  "type": "record_selector",
                  "children": []
                },
                {
                  "type": "record_selector",
                  "children": []
                }
              ]
            }
          ]
        }
      ]
    },
    {
      "type": "heading",
      "children": []
    },
    {
      "type": "table",
      "children": []
    },
    {
      "type": "heading",
      "children": []
    },
    {
      "type": "table",
      "children": []
    }
  ],
  "gift-delivery": [
    {
      "type": "heading",
      "children": []
    },
    {
      "type": "heading",
      "children": []
    },
    {
      "type": "column",
      "children": [
        {
          "type": "heading",
          "children": []
        },
        {
          "type": "form_container",
          "children": [
            {
              "type": "input_text",
              "children": []
            },
            {
              "type": "datetime_picker",
              "children": []
            },
            {
              "type": "record_selector",
              "children": []
            }
          ]
        },
        {
          "type": "table",
          "children": []
        }
      ]
    },
    {
      "type": "heading",
      "children": []
    },
    {
      "type": "heading",
      "children": []
    },
    {
      "type": "repeat",
      "children": [
        {
          "type": "column",
          "children": [
            {
              "type": "text",
              "children": []
            },
            {
              "type": "form_container",
              "children": [
                {
                  "type": "record_selector",
                  "children": []
                }
              ]
            }
          ]
        }
      ]
    },
    {
      "type": "heading",
      "children": []
    },
    {
      "type": "table",
      "children": []
    }
  ],
  "child-details": [
    {
      "type": "heading",
      "children": []
    },
    {
      "type": "column",
      "children": [
        {
          "type": "form_container",
          "children": [
            {
              "type": "choice",
              "children": []
            },
            {
              "type": "input_text",
              "children": []
            }
          ]
        },
        {
          "type": "text",
          "children": []
        },
        {
          "type": "link",
          "children": []
        },
        {
          "type": "text",
          "children": []
        },
        {
          "type": "text",
          "children": []
        },
        {
          "type": "text",
          "children": []
        },
        {
          "type": "text",
          "children": []
        },
        {
          "type": "text",
          "children": []
        },
        {
          "type": "text",
          "children": []
        },
        {
          "type": "text",
          "children": []
        },
        {
          "type": "text",
          "children": []
        }
      ]
    },
    {
      "type": "heading",
      "children": []
    },
    {
      "type": "column",
      "children": [
        {
          "type": "heading",
          "children": []
        },
        {
          "type": "heading",
          "children": []
        },
        {
          "type": "table",
          "children": []
        },
        {
          "type": "table",
          "children": []
        }
      ]
    },
    {
      "type": "heading",
      "children": []
    },
    {
      "type": "repeat",
      "children": [
        {
          "type": "column",
          "children": [
            {
              "type": "heading",
              "children": []
            },
            {
              "type": "text",
              "children": []
            },
            {
              "type": "button",
              "children": []
            },
            {
              "type": "image",
              "children": []
            },
            {
              "type": "text",
              "children": []
            }
          ]
        }
      ]
    },
    {
      "type": "heading",
      "children": []
    },
    {
      "type": "repeat",
      "children": [
        {
          "type": "column",
          "children": [
            {
              "type": "text",
              "children": []
            },
            {
              "type": "text",
              "children": []
            },
            {
              "type": "text",
              "children": []
            },
            {
              "type": "text",
              "children": []
            },
            {
              "type": "form_container",
              "children": [
                {
                  "type": "choice",
                  "children": []
                },
                {
                  "type": "input_text",
                  "children": []
                },
                {
                  "type": "checkbox",
                  "children": []
                }
              ]
            }
          ]
        }
      ]
    }
  ]
}