{
  "shared": [
    {
      "type": "header",
      "children": [
        {
          "type": "image",
          "children": []
        },
        {
          "type": "column",
          "children": [
            {
              "type": "text",
              "children": []
            },
            {
              "type": "button",
              "children": []
            }
          ]
        },
        {
          "type": "column",
          "children": [
            {
              "type": "link",
              "children": []
            },
            {
              "type": "link",
              "children": []
            },
            {
              "type": "link",
              "children": []
            },
            {
              "type": "link",
              "children": []
            }
          ]
        }
      ]
    }
  ],
  "login": [
    {
      "type": "image",
      "children": []
    },
    {
      "type": "heading",
      "children": []
    },
    {
      "type": "auth_form",
      "children": []
    }
  ],
  "all-employees": [
    {
      "type": "heading",
      "children": []
    },
    {
      "type": "repeat",
      "children": [
        {
          "type": "link",
          "children": []
        },
        {
          "type": "image",
          "children": []
        },
        {
          "type": "text",
          "children": []
        },
        {
          "type": "text",
          "children": []
        },
        {
          "type": "text",
          "children": []
        },
        {
          "type": "text",
          "children": []
        },
        {
          "type": "text",
          "children": []
        },
        {
          "type": "text",
          "children": []
        },
        {
          "type": "text",
          "children": []
        },
        {
          "type": "text",
          "children": []
        },
        {
          "type": "text",
          "children": []
        },
        {
          "type": "text",
          "children": []
        }
      ]
    }
  ],
  "tood-performance-review": [
    {
      "type": "heading",
      "children": []
    },
    {
      "type": "repeat",
      "children": [
        {
          "type": "link",
          "children": []
        },
        {
          "type": "image",
          "children": []
        },
        {
          "type": "text",
          "children": []
        },
        {
          "type": "text",
          "children": []
        },
        {
          "type": "text",
          "children": []
        },
        {
          "type": "text",
          "children": []
        },
        {
          "type": "text",
          "children": []
        },
        {
          "type": "text",
          "children": []
        },
        {
          "type": "text",
          "children": []
        },
        {
          "type": "text",
          "children": []
        },
        {
          "type": "text",
          "children": []
        },
        {
          "type": "text",
          "children": []
        }
      ]
    }
  ],
  "tood-potential-assessment": [
    {
      "type": "heading",
      "children": []
    },
    {
      "type": "repeat",
      "children": [
        {
          "type": "link",
          "children": []
        },
        {
          "type": "image",
          "children": []
        },
        {
          "type": "text",
          "children": []
        },
        {
          "type": "text",
          "children": []
        },
        {
          "type": "text",
          "children": []
        },
        {
          "type": "text",
          "children": []
        },
        {
          "type": "text",
          "children": []
        },
        {
          "type": "text",
          "children": []
        },
        {
          "type": "text",
          "children": []
        },
        {
          "type": "text",
          "children": []
        },
        {
          "type": "text",
          "children": []
        },
        {
          "type": "text",
          "children": []
        }
      ]
    }
  ],
  "tood-ability-assessment": [
    {
      "type": "heading",
      "children": []
    },
    {
      "type": "repeat",
      "children": [
        {
          "type": "link",
          "children": []
        },
        {
          "type": "image",
          "children": []
        },
        {
          "type": "text",
          "children": []
        },
        {
          "type": "text",
          "children": []
        },
        {
          "type": "text",
          "children": []
        },
        {
          "type": "text",
          "children": []
        },
        {
          "type": "text",
          "children": []
        },
        {
          "type": "text",
          "children": []
        },
        {
          "type": "text",
          "children": []
        },
        {
          "type": "text",
          "children": []
        },
        {
          "type": "text",
          "children": []
        },
        {
          "type": "text",
          "children": []
        }
      ]
    }
  ],
  "employee-details": [
    {
      "type": "heading",
      "children": []
    },
    {
      "type": "heading",
      "children": []
    },
    {
      "type": "column",
      "children": [
        {
          "type": "image",
          "children": []
        },
        {
          "type": "text",
          "children": []
        },
        {
          "type": "text",
          "children": []
        },
        {
          "type": "text",
          "children": []
        },
        {
          "type": "link",
          "children": []
        },
        {
          "type": "text",
          "children": []
        },
        {
          "type": "text",
          "children": []
        },
        {
          "type": "text",
          "children": []
        },
        {
          "type": "text",
          "children": []
        },
        {
          "type": "text",
          "children": []
        },
        {
          "type": "text",
          "children": []
        },
        {
          "type": "text",
          "children": []
        },
        {
          "type": "text",
          "children": []
        },
        {
          "type": "text",
          "children": []
        },
        {
          "type": "text",
          "children": []
        }
      ]
    },
    {
      "type": "heading",
      "children": []
    },
    {
      "type": "link",
      "children": []
    },
    {
      "type": "table",
      "children": []
    },
    {
      "type": "text",
      "children": []
    },
    {
      "type": "text",
      "children": []
    },
    {
      "type": "heading",
      "children": []
    },
    {
      "type": "link",
      "children": []
    },
    {
      "type": "table",
      "children": []
    },
    {
      "type": "heading",
      "children": []
    },
    {
      "type": "link",
      "children": []
    },
    {
      "type": "table",
      "children": []
    },
    {
      "type": "heading",
      "children": []
    },
    {
      "type": "link",
      "children": []
    },
    {
      "type": "repeat",
      "children": [
        {
          "type": "column",
          "children": [
            {
              "type": "heading",
              "children": []
            },
            {
              "type": "link",
              "children": []
            }
          ]
        },
        {
          "type": "text",
          "children": []
        },
        {
          "type": "text",
          "children": []
        },
        {
          "type": "text",
          "children": []
        },
        {
          "type": "text",
          "children": []
        },
        {
          "type": "column",
          "children": [
            {
              "type": "text",
              "children": []
            },
            {
              "type": "text",
              "children": []
            },
            {
              "type": "text",
              "children": []
            },
            {
              "type": "text",
              "children": []
            },
            {
              "type": "text",
              "children": []
            },
            {
              "type": "text",
              "children": []
            },
            {
              "type": "text",
              "children": []
            },
            {
              "type": "text",
              "children": []
            },
            {
              "type": "text",
              "children": []
            },
            {
              "type": "text",
              "children": []
            },
            {
              "type": "text",
              "children": []
            },
            {
              "type": "text",
              "children": []
            },
            {
              "type": "text",
              "children": []
            },
            {
              "type": "text",
              "children": []
            },
            {
              "type": "text",
              "children": []
            },
            {
              "type": "text",
              "children": []
            },
            {
              "type": "text",
              "children": []
            },
            {
              "type": "text",
              "children": []
            },
            {
              "type": "text",
              "children": []
            },
            {
              "type": "text",
              "children": []
            },
            {
              "type": "text",
              "children": []
            },
            {
              "type": "text",
              "children": []
            }
          ]
        }
      ]
    }
  ],
  "add-performance-review": [
    {
      "type": "heading",
      "children": []
    },
    {
      "type": "form_container",
      "children": [
        {
          "type": "text",
          "children": []
        },
        {
          "type": "link",
          "children": []
        },
        {
          "type": "input_text",
          "children": []
        },
        {
          "type": "record_selector",
          "children": []
        },
        {
          "type": "record_selector",
          "children": []
        }
      ]
    }
  ],
  "edit-performance-review": [
    {
      "type": "heading",
      "children": []
    },
    {
      "type": "form_container",
      "children": [
        {
          "type": "text",
          "children": []
        },
        {
          "type": "link",
          "children": []
        },
        {
          "type": "text",
          "children": []
        },
        {
          "type": "text",
          "children": []
        },
        {
          "type": "record_selector",
          "children": []
        },
        {
          "type": "record_selector",
          "children": []
        }
      ]
    }
  ],
  "add-potential-assessment": [
    {
      "type": "heading",
      "children": []
    },
    {
      "type": "form_container",
      "children": [
        {
          "type": "heading",
          "children": []
        },
        {
          "type": "text",
          "children": []
        },
        {
          "type": "link",
          "children": []
        },
        {
          "type": "input_text",
          "children": []
        },
        {
          "type": "heading",
          "children": []
        },
        {
          "type": "record_selector",
          "children": []
        },
        {
          "type": "record_selector",
          "children": []
        },
        {
          "type": "record_selector",
          "children": []
        },
        {
          "type": "heading",
          "children": []
        },
        {
          "type": "record_selector",
          "children": []
        },
        {
          "type": "record_selector",
          "children": []
        },
        {
          "type": "record_selector",
          "children": []
        },
        {
          "type": "heading",
          "children": []
        },
        {
          "type": "record_selector",
          "children": []
        },
        {
          "type": "record_selector",
          "children": []
        },
        {
          "type": "record_selector",
          "children": []
        },
        {
          "type": "heading",
          "children": []
        },
        {
          "type": "record_selector",
          "children": []
        },
        {
          "type": "record_selector",
          "children": []
        },
        {
          "type": "record_selector",
          "children": []
        }
      ]
    }
  ],
  "edit-potential-assessment": [
    {
      "type": "heading",
      "children": []
    },
    {
      "type": "form_container",
      "children": [
        {
          "type": "heading",
          "children": []
        },
        {
          "type": "text",
          "children": []
        },
        {
          "type": "link",
          "children": []
        },
        {
          "type": "text",
          "children": []
        },
        {
          "type": "text",
          "children": []
        },
        {
          "type": "heading",
          "children": []
        },
        {
          "type": "record_selector",
          "children": []
        },
        {
          "type": "record_selector",
          "children": []
        },
        {
          "type": "record_selector",
          "children": []
        },
        {
          "type": "heading",
          "children": []
        },
        {
          "type": "record_selector",
          "children": []
        },
        {
          "type": "record_selector",
          "children": []
        },
        {
          "type": "record_selector",
          "children": []
        },
        {
          "type": "heading",
          "children": []
        },
        {
          "type": "record_selector",
          "children": []
        },
        {
          "type": "record_selector",
          "children": []
        },
        {
          "type": "record_selector",
          "children": []
        },
        {
          "type": "heading",
          "children": []
        },
        {
          "type": "record_selector",
          "children": []
        },
        {
          "type": "record_selector",
          "children": []
        },
        {
          "type": "record_selector",
          "children": []
        }
      ]
    }
  ],
  "add-ability-assessment": [
    {
      "type": "heading",
      "children": []
    },
    {
      "type": "form_container",
      "children": [
        {
          "type": "heading",
          "children": []
        },
        {
          "type": "text",
          "children": []
        },
        {
          "type": "link",
          "children": []
        },
        {
          "type": "input_text",
          "children": []
        },
        {
          "type": "heading",
          "children": []
        },
        {
          "type": "checkbox",
          "children": []
        },
        {
          "type": "heading",
          "children": []
        },
        {
          "type": "checkbox",
          "children": []
        },
        {
          "type": "heading",
          "children": []
        },
        {
          "type": "checkbox",
          "children": []
        }
      ]
    }
  ],
  "edit-ability-assessment": [
    {
      "type": "heading",
      "children": []
    },
    {
      "type": "form_container",
      "children": [
        {
          "type": "heading",
          "children": []
        },
        {
          "type": "text",
          "children": []
        },
        {
          "type": "link",
          "children": []
        },
        {
          "type": "text",
          "children": []
        },
        {
          "type": "text",
          "children": []
        },
        {
          "type": "heading",
          "children": []
        },
        {
          "type": "checkbox",
          "children": []
        },
        {
          "type": "heading",
          "children": []
        },
        {
          "type": "checkbox",
          "children": []
        },
        {
          "type": "heading",
          "children": []
        },
        {
          "type": "checkbox",
          "children": []
        }
      ]
    }
  ],
  "add-accelerate-assessment": [
    {
      "type": "heading",
      "children": []
    },
    {
      "type": "form_container",
      "children": [
        {
          "type": "heading",
          "children": []
        },
        {
          "type": "text",
          "children": []
        },
        {
          "type": "link",
          "children": []
        },
        {
          "type": "input_text",
          "children": []
        },
        {
          "type": "heading",
          "children": []
        },
        {
          "type": "input_text",
          "children": []
        },
        {
          "type": "input_text",
          "children": []
        },
        {
          "type": "input_text",
          "children": []
        },
        {
          "type": "heading",
          "children": []
        },
        {
          "type": "input_text",
          "children": []
        },
        {
          "type": "input_text",
          "children": []
        },
        {
          "type": "input_text",
          "children": []
        },
        {
          "type": "heading",
          "children": []
        },
        {
          "type": "input_text",
          "children": []
        },
        {
          "type": "input_text",
          "children": []
        },
        {
          "type": "input_text",
          "children": []
        },
        {
          "type": "input_text",
          "children": []
        },
        {
          "type": "input_text",
          "children": []
        },
        {
          "type": "heading",
          "children": []
        },
        {
          "type": "input_text",
          "children": []
        }
      ]
    }
  ],
  "edit-accelerate-assessment": [
    {
      "type": "heading",
      "children": []
    },
    {
      "type": "form_container",
      "children": [
        {
          "type": "heading",
          "children": []
        },
        {
          "type": "text",
          "children": []
        },
        {
          "type": "link",
          "children": []
        },
        {
          "type": "text",
          "children": []
        },
        {
          "type": "text",
          "children": []
        },
        {
          "type": "heading",
          "children": []
        },
        {
          "type": "input_text",
          "children": []
        },
        {
          "type": "input_text",
          "children": []
        },
        {
          "type": "input_text",
          "children": []
        },
        {
          "type": "heading",
          "children": []
        },
        {
          "type": "input_text",
          "children": []
        },
        {
          "type": "input_text",
          "children": []
        },
        {
          "type": "input_text",
          "children": []
        },
        {
          "type": "heading",
          "children": []
        },
        {
          "type": "input_text",
          "children": []
        },
        {
          "type": "input_text",
          "children": []
        },
        {
          "type": "input_text",
          "children": []
        },
        {
          "type": "input_text",
          "children": []
        },
        {
          "type": "input_text",
          "children": []
        },
        {
          "type": "heading",
          "children": []
        },
        {
          "type": "input_text",
          "children": []
        }
      ]
    }
  ]
}