// Vitest Snapshot v1, https://vitest.dev/guide/snapshot.html

exports[`Premium integrations service types > grouped result lookups use collision-free names from the schema 1`] = `
{
  "field_1": {
    "path": [
      "Amount sum [field_1]",
    ],
    "resultName": "Amount sum [field_1]",
    "value": "Fruit",
  },
  "field_2_sum": {
    "path": [
      "Amount sum [field_2_sum]",
    ],
    "resultName": "Amount sum [field_2_sum]",
    "value": 10,
  },
  "id": {
    "path": [
      "id",
    ],
    "resultName": "id",
    "value": "record-id",
  },
}
`;

exports[`Premium integrations service types > readable identifiers display the same labels before and after fetching 1`] = `
[
  {
    "option": "Sales (2)",
    "selected": "Sales (2)",
  },
  {
    "option": "-",
    "selected": "-",
  },
  {
    "option": "chart.other",
    "selected": "chart.other",
  },
  {
    "option": "chart.other (2)",
    "selected": "chart.other (2)",
  },
]
`;

exports[`Premium integrations service types > selecting a grouped source in a Table generates result columns 1`] = `
[
  {
    "id": "00000000-0000-0000-0000-000000000002",
    "name": "Status",
    "type": "text",
    "value": {
      "formula": "get('current_record.field_1.value')",
    },
  },
  {
    "id": "00000000-0000-0000-0000-000000000003",
    "name": "Done",
    "type": "boolean",
    "value": {
      "formula": "get('current_record.field_2')",
    },
  },
  {
    "id": "00000000-0000-0000-0000-000000000004",
    "name": "Done count",
    "type": "text",
    "value": {
      "formula": "get('current_record.field_2_count')",
    },
  },
]
`;
