# serializer version: 1
# name: test_template_snapshot[business-goal-tracker-okrs]
  dict({
    'builder': dict({
      'Employee details': list([
        dict({
          'children': list([
          ]),
          'type': 'heading',
        }),
        dict({
          'children': list([
            dict({
              'children': list([
              ]),
              'type': 'link',
            }),
            dict({
              'children': list([
              ]),
              'type': 'image',
            }),
            dict({
              'children': list([
              ]),
              'type': 'text',
            }),
            dict({
              'children': list([
              ]),
              'type': 'text',
            }),
            dict({
              'children': list([
              ]),
              'type': 'text',
            }),
            dict({
              'children': list([
              ]),
              'type': 'text',
            }),
            dict({
              'children': list([
              ]),
              'type': 'text',
            }),
            dict({
              'children': list([
              ]),
              'type': 'text',
            }),
            dict({
              'children': list([
              ]),
              'type': 'text',
            }),
            dict({
              'children': list([
              ]),
              'type': 'text',
            }),
          ]),
          'type': 'column',
        }),
        dict({
          'children': list([
          ]),
          'type': 'heading',
        }),
        dict({
          'children': list([
          ]),
          'type': 'table',
        }),
        dict({
          'children': list([
          ]),
          'type': 'heading',
        }),
        dict({
          'children': list([
          ]),
          'type': 'heading',
        }),
        dict({
          'children': list([
          ]),
          'type': 'table',
        }),
        dict({
          'children': list([
          ]),
          'type': 'heading',
        }),
        dict({
          'children': list([
          ]),
          'type': 'table',
        }),
      ]),
      'Employees': list([
        dict({
          'children': list([
            dict({
              'children': list([
              ]),
              'type': 'heading',
            }),
            dict({
              'children': list([
              ]),
              'type': 'table',
            }),
          ]),
          'type': 'column',
        }),
      ]),
      'Homepage': list([
        dict({
          'children': list([
            dict({
              'children': list([
              ]),
              'type': 'heading',
            }),
            dict({
              'children': list([
              ]),
              'type': 'table',
            }),
            dict({
              'children': list([
              ]),
              'type': 'heading',
            }),
            dict({
              'children': list([
              ]),
              'type': 'table',
            }),
            dict({
              'children': list([
              ]),
              'type': 'heading',
            }),
            dict({
              'children': list([
              ]),
              'type': 'heading',
            }),
            dict({
              'children': list([
              ]),
              'type': 'table',
            }),
            dict({
              'children': list([
              ]),
              'type': 'heading',
            }),
            dict({
              'children': list([
              ]),
              'type': 'table',
            }),
          ]),
          'type': 'column',
        }),
      ]),
      'Key result details': list([
        dict({
          'children': list([
          ]),
          'type': 'heading',
        }),
        dict({
          'children': list([
          ]),
          'type': 'text',
        }),
        dict({
          'children': list([
            dict({
              'children': list([
              ]),
              'type': 'input_text',
            }),
            dict({
              'children': list([
              ]),
              'type': 'link',
            }),
            dict({
              'children': list([
              ]),
              'type': 'input_text',
            }),
            dict({
              'children': list([
              ]),
              'type': 'input_text',
            }),
            dict({
              'children': list([
              ]),
              'type': 'text',
            }),
            dict({
              'children': list([
              ]),
              'type': 'link',
            }),
            dict({
              'children': list([
              ]),
              'type': 'button',
            }),
            dict({
              'children': list([
              ]),
              'type': 'text',
            }),
            dict({
              'children': list([
              ]),
              'type': 'text',
            }),
            dict({
              'children': list([
              ]),
              'type': 'text',
            }),
            dict({
              'children': list([
              ]),
              'type': 'text',
            }),
            dict({
              'children': list([
              ]),
              'type': 'text',
            }),
          ]),
          'type': 'column',
        }),
        dict({
          'children': list([
          ]),
          'type': 'heading',
        }),
        dict({
          'children': list([
          ]),
          'type': 'table',
        }),
      ]),
      'Key results': list([
        dict({
          'children': list([
            dict({
              'children': list([
              ]),
              'type': 'heading',
            }),
            dict({
              'children': list([
              ]),
              'type': 'table',
            }),
          ]),
          'type': 'column',
        }),
      ]),
      'Login': list([
        dict({
          'children': list([
          ]),
          'type': 'image',
        }),
        dict({
          'children': list([
          ]),
          'type': 'heading',
        }),
        dict({
          'children': list([
          ]),
          'type': 'auth_form',
        }),
      ]),
      'Objective details': list([
        dict({
          'children': list([
          ]),
          'type': 'heading',
        }),
        dict({
          'children': list([
          ]),
          'type': 'text',
        }),
        dict({
          'children': list([
            dict({
              'children': list([
              ]),
              'type': 'input_text',
            }),
            dict({
              'children': list([
              ]),
              'type': 'text',
            }),
            dict({
              'children': list([
              ]),
              'type': 'link',
            }),
            dict({
              'children': list([
              ]),
              'type': 'button',
            }),
            dict({
              'children': list([
              ]),
              'type': 'text',
            }),
            dict({
              'children': list([
              ]),
              'type': 'text',
            }),
            dict({
              'children': list([
              ]),
              'type': 'text',
            }),
          ]),
          'type': 'column',
        }),
        dict({
          'children': list([
          ]),
          'type': 'heading',
        }),
        dict({
          'children': list([
          ]),
          'type': 'table',
        }),
      ]),
      'Objectives': list([
        dict({
          'children': list([
            dict({
              'children': list([
              ]),
              'type': 'heading',
            }),
            dict({
              'children': list([
              ]),
              'type': 'table',
            }),
          ]),
          'type': 'column',
        }),
      ]),
      '__shared__': list([
        dict({
          'children': list([
            dict({
              'children': list([
              ]),
              'type': 'image',
            }),
            dict({
              'children': list([
                dict({
                  'children': list([
                  ]),
                  'type': 'button',
                }),
                dict({
                  'children': list([
                  ]),
                  'type': 'text',
                }),
              ]),
              'type': 'column',
            }),
            dict({
              'children': list([
                dict({
                  'children': list([
                  ]),
                  'type': 'link',
                }),
                dict({
                  'children': list([
                  ]),
                  'type': 'link',
                }),
                dict({
                  'children': list([
                  ]),
                  'type': 'link',
                }),
                dict({
                  'children': list([
                  ]),
                  'type': 'link',
                }),
              ]),
              'type': 'column',
            }),
          ]),
          'type': 'header',
        }),
      ]),
    }),
  })
# ---
