# serializer version: 1
# name: test_template_snapshot[campaign-management]
  dict({
    'builder': dict({
      'Activity details': list([
        dict({
          'children': list([
          ]),
          'type': 'heading',
        }),
        dict({
          'children': list([
            dict({
              'children': list([
              ]),
              'type': 'text',
            }),
            dict({
              'children': list([
              ]),
              'type': 'link',
            }),
            dict({
              'children': list([
              ]),
              'type': 'text',
            }),
            dict({
              'children': list([
              ]),
              'type': 'link',
            }),
            dict({
              'children': list([
              ]),
              'type': 'text',
            }),
            dict({
              'children': list([
              ]),
              'type': 'text',
            }),
            dict({
              'children': list([
              ]),
              'type': 'text',
            }),
            dict({
              'children': list([
              ]),
              'type': 'text',
            }),
            dict({
              'children': list([
              ]),
              'type': 'text',
            }),
            dict({
              'children': list([
              ]),
              'type': 'text',
            }),
            dict({
              'children': list([
              ]),
              'type': 'text',
            }),
            dict({
              'children': list([
              ]),
              'type': 'link',
            }),
            dict({
              'children': list([
                dict({
                  'children': list([
                  ]),
                  'type': 'text',
                }),
                dict({
                  'children': list([
                  ]),
                  'type': 'text',
                }),
                dict({
                  'children': list([
                  ]),
                  'type': 'text',
                }),
                dict({
                  'children': list([
                  ]),
                  'type': 'text',
                }),
                dict({
                  'children': list([
                  ]),
                  'type': 'text',
                }),
                dict({
                  'children': list([
                  ]),
                  'type': 'text',
                }),
                dict({
                  'children': list([
                  ]),
                  'type': 'text',
                }),
                dict({
                  'children': list([
                  ]),
                  'type': 'text',
                }),
                dict({
                  'children': list([
                  ]),
                  'type': 'link',
                }),
              ]),
              'type': 'simple_container',
            }),
          ]),
          'type': 'column',
        }),
        dict({
          'children': list([
          ]),
          'type': 'heading',
        }),
        dict({
          'children': list([
          ]),
          'type': 'table',
        }),
        dict({
          'children': list([
            dict({
              'children': list([
              ]),
              'type': 'record_selector',
            }),
          ]),
          'type': 'form_container',
        }),
      ]),
      'Add new activity': list([
        dict({
          'children': list([
          ]),
          'type': 'heading',
        }),
        dict({
          'children': list([
          ]),
          'type': 'link',
        }),
        dict({
          'children': list([
          ]),
          'type': 'heading',
        }),
        dict({
          'children': list([
          ]),
          'type': 'table',
        }),
        dict({
          'children': list([
          ]),
          'type': 'heading',
        }),
        dict({
          'children': list([
            dict({
              'children': list([
              ]),
              'type': 'record_selector',
            }),
            dict({
              'children': list([
              ]),
              'type': 'record_selector',
            }),
            dict({
              'children': list([
              ]),
              'type': 'record_selector',
            }),
            dict({
              'children': list([
              ]),
              'type': 'datetime_picker',
            }),
            dict({
              'children': list([
              ]),
              'type': 'datetime_picker',
            }),
            dict({
              'children': list([
              ]),
              'type': 'input_text',
            }),
          ]),
          'type': 'form_container',
        }),
      ]),
      'Campaign details': list([
        dict({
          'children': list([
          ]),
          'type': 'heading',
        }),
        dict({
          'children': list([
            dict({
              'children': list([
              ]),
              'type': 'text',
            }),
            dict({
              'children': list([
              ]),
              'type': 'text',
            }),
            dict({
              'children': list([
              ]),
              'type': 'text',
            }),
            dict({
              'children': list([
              ]),
              'type': 'text',
            }),
            dict({
              'children': list([
              ]),
              'type': 'text',
            }),
            dict({
              'children': list([
              ]),
              'type': 'text',
            }),
            dict({
              'children': list([
              ]),
              'type': 'text',
            }),
            dict({
              'children': list([
              ]),
              'type': 'text',
            }),
            dict({
              'children': list([
              ]),
              'type': 'text',
            }),
            dict({
              'children': list([
              ]),
              'type': 'text',
            }),
            dict({
              'children': list([
              ]),
              'type': 'text',
            }),
            dict({
              'children': list([
              ]),
              'type': 'text',
            }),
            dict({
              'children': list([
              ]),
              'type': 'text',
            }),
            dict({
              'children': list([
              ]),
              'type': 'text',
            }),
            dict({
              'children': list([
              ]),
              'type': 'text',
            }),
            dict({
              'children': list([
              ]),
              'type': 'text',
            }),
          ]),
          'type': 'column',
        }),
        dict({
          'children': list([
          ]),
          'type': 'heading',
        }),
        dict({
          'children': list([
          ]),
          'type': 'link',
        }),
        dict({
          'children': list([
          ]),
          'type': 'table',
        }),
      ]),
      'Channel details': list([
        dict({
          'children': list([
          ]),
          'type': 'heading',
        }),
        dict({
          'children': list([
          ]),
          'type': 'text',
        }),
        dict({
          'children': list([
          ]),
          'type': 'heading',
        }),
        dict({
          'children': list([
          ]),
          'type': 'table',
        }),
      ]),
      'Home': list([
        dict({
          'children': list([
          ]),
          'type': 'heading',
        }),
        dict({
          'children': list([
            dict({
              'children': list([
                dict({
                  'children': list([
                  ]),
                  'type': 'heading',
                }),
                dict({
                  'children': list([
                  ]),
                  'type': 'text',
                }),
                dict({
                  'children': list([
                  ]),
                  'type': 'text',
                }),
                dict({
                  'children': list([
                  ]),
                  'type': 'text',
                }),
                dict({
                  'children': list([
                  ]),
                  'type': 'text',
                }),
                dict({
                  'children': list([
                  ]),
                  'type': 'text',
                }),
                dict({
                  'children': list([
                  ]),
                  'type': 'text',
                }),
                dict({
                  'children': list([
                  ]),
                  'type': 'text',
                }),
                dict({
                  'children': list([
                  ]),
                  'type': 'text',
                }),
                dict({
                  'children': list([
                  ]),
                  'type': 'text',
                }),
                dict({
                  'children': list([
                  ]),
                  'type': 'text',
                }),
                dict({
                  'children': list([
                  ]),
                  'type': 'link',
                }),
              ]),
              'type': 'simple_container',
            }),
          ]),
          'type': 'repeat',
        }),
        dict({
          'children': list([
          ]),
          'type': 'heading',
        }),
        dict({
          'children': list([
          ]),
          'type': 'table',
        }),
      ]),
      'Login': list([
        dict({
          'children': list([
          ]),
          'type': 'heading',
        }),
        dict({
          'children': list([
          ]),
          'type': 'auth_form',
        }),
      ]),
      'Metric details': list([
        dict({
          'children': list([
          ]),
          'type': 'heading',
        }),
        dict({
          'children': list([
          ]),
          'type': 'link',
        }),
        dict({
          'children': list([
          ]),
          'type': 'heading',
        }),
        dict({
          'children': list([
          ]),
          'type': 'table',
        }),
        dict({
          'children': list([
            dict({
              'children': list([
              ]),
              'type': 'iframe',
            }),
            dict({
              'children': list([
              ]),
              'type': 'iframe',
            }),
            dict({
              'children': list([
              ]),
              'type': 'iframe',
            }),
          ]),
          'type': 'column',
        }),
        dict({
          'children': list([
          ]),
          'type': 'heading',
        }),
        dict({
          'children': list([
            dict({
              'children': list([
              ]),
              'type': 'datetime_picker',
            }),
            dict({
              'children': list([
              ]),
              'type': 'input_text',
            }),
            dict({
              'children': list([
              ]),
              'type': 'input_text',
            }),
            dict({
              'children': list([
              ]),
              'type': 'input_text',
            }),
          ]),
          'type': 'form_container',
        }),
      ]),
      '__shared__': list([
        dict({
          'children': list([
            dict({
              'children': list([
              ]),
              'type': 'image',
            }),
            dict({
              'children': list([
              ]),
              'type': 'text',
            }),
            dict({
              'children': list([
              ]),
              'type': 'menu',
            }),
          ]),
          'type': 'header',
        }),
      ]),
    }),
  })
# ---
