# serializer version: 1
# name: test_template_snapshot[city-tours]
  dict({
    'builder': dict({
      'Highlights details': list([
        dict({
          'children': list([
            dict({
              'children': list([
              ]),
              'type': 'link',
            }),
            dict({
              'children': list([
              ]),
              'type': 'link',
            }),
            dict({
              'children': list([
              ]),
              'type': 'link',
            }),
          ]),
          'type': 'column',
        }),
        dict({
          'children': list([
          ]),
          'type': 'heading',
        }),
        dict({
          'children': list([
            dict({
              'children': list([
              ]),
              'type': 'image',
            }),
            dict({
              'children': list([
              ]),
              'type': 'text',
            }),
            dict({
              'children': list([
              ]),
              'type': 'text',
            }),
            dict({
              'children': list([
              ]),
              'type': 'text',
            }),
            dict({
              'children': list([
                dict({
                  'children': list([
                  ]),
                  'type': 'link',
                }),
              ]),
              'type': 'repeat',
            }),
          ]),
          'type': 'column',
        }),
        dict({
          'children': list([
          ]),
          'type': 'iframe',
        }),
      ]),
      'Homepage': list([
        dict({
          'children': list([
          ]),
          'type': 'heading',
        }),
        dict({
          'children': list([
            dict({
              'children': list([
                dict({
                  'children': list([
                  ]),
                  'type': 'image',
                }),
                dict({
                  'children': list([
                  ]),
                  'type': 'link',
                }),
              ]),
              'type': 'column',
            }),
          ]),
          'type': 'repeat',
        }),
      ]),
      'Tour details': list([
        dict({
          'children': list([
            dict({
              'children': list([
              ]),
              'type': 'link',
            }),
            dict({
              'children': list([
              ]),
              'type': 'link',
            }),
          ]),
          'type': 'column',
        }),
        dict({
          'children': list([
          ]),
          'type': 'heading',
        }),
        dict({
          'children': list([
          ]),
          'type': 'text',
        }),
        dict({
          'children': list([
          ]),
          'type': 'heading',
        }),
        dict({
          'children': list([
          ]),
          'type': 'iframe',
        }),
        dict({
          'children': list([
          ]),
          'type': 'heading',
        }),
        dict({
          'children': list([
            dict({
              'children': list([
                dict({
                  'children': list([
                  ]),
                  'type': 'image',
                }),
                dict({
                  'children': list([
                  ]),
                  'type': 'link',
                }),
                dict({
                  'children': list([
                  ]),
                  'type': 'heading',
                }),
                dict({
                  'children': list([
                  ]),
                  'type': 'text',
                }),
              ]),
              'type': 'column',
            }),
          ]),
          'type': 'repeat',
        }),
      ]),
      'Tours': list([
        dict({
          'children': list([
            dict({
              'children': list([
              ]),
              'type': 'link',
            }),
          ]),
          'type': 'column',
        }),
        dict({
          'children': list([
          ]),
          'type': 'heading',
        }),
        dict({
          'children': list([
            dict({
              'children': list([
                dict({
                  'children': list([
                  ]),
                  'type': 'image',
                }),
                dict({
                  'children': list([
                  ]),
                  'type': 'link',
                }),
                dict({
                  'children': list([
                  ]),
                  'type': 'heading',
                }),
                dict({
                  'children': list([
                  ]),
                  'type': 'text',
                }),
                dict({
                  'children': list([
                  ]),
                  'type': 'text',
                }),
                dict({
                  'children': list([
                  ]),
                  'type': 'text',
                }),
                dict({
                  'children': list([
                  ]),
                  'type': 'text',
                }),
              ]),
              'type': 'column',
            }),
          ]),
          'type': 'repeat',
        }),
      ]),
      '__shared__': list([
        dict({
          'children': list([
            dict({
              'children': list([
              ]),
              'type': 'image',
            }),
          ]),
          'type': 'header',
        }),
      ]),
    }),
  })
# ---
