# serializer version: 1
# name: test_template_snapshot[commercial-property-management]
  dict({
    'builder': dict({
      'Building details': list([
        dict({
          'children': list([
          ]),
          'type': 'heading',
        }),
        dict({
          'children': list([
            dict({
              'children': list([
              ]),
              'type': 'text',
            }),
            dict({
              'children': list([
              ]),
              'type': 'text',
            }),
            dict({
              'children': list([
              ]),
              'type': 'text',
            }),
            dict({
              'children': list([
              ]),
              'type': 'text',
            }),
            dict({
              'children': list([
              ]),
              'type': 'text',
            }),
            dict({
              'children': list([
              ]),
              'type': 'text',
            }),
            dict({
              'children': list([
                dict({
                  'children': list([
                  ]),
                  'type': 'text',
                }),
              ]),
              'type': 'repeat',
            }),
            dict({
              'children': list([
              ]),
              'type': 'image',
            }),
          ]),
          'type': 'column',
        }),
        dict({
          'children': list([
          ]),
          'type': 'heading',
        }),
        dict({
          'children': list([
          ]),
          'type': 'table',
        }),
      ]),
      'Dashboard': list([
        dict({
          'children': list([
          ]),
          'type': 'heading',
        }),
        dict({
          'children': list([
            dict({
              'children': list([
                dict({
                  'children': list([
                  ]),
                  'type': 'heading',
                }),
                dict({
                  'children': list([
                  ]),
                  'type': 'image',
                }),
                dict({
                  'children': list([
                  ]),
                  'type': 'text',
                }),
                dict({
                  'children': list([
                  ]),
                  'type': 'text',
                }),
                dict({
                  'children': list([
                  ]),
                  'type': 'link',
                }),
              ]),
              'type': 'column',
            }),
          ]),
          'type': 'repeat',
        }),
        dict({
          'children': list([
          ]),
          'type': 'heading',
        }),
        dict({
          'children': list([
          ]),
          'type': 'table',
        }),
      ]),
      'Lease details': list([
        dict({
          'children': list([
          ]),
          'type': 'heading',
        }),
        dict({
          'children': list([
            dict({
              'children': list([
              ]),
              'type': 'text',
            }),
            dict({
              'children': list([
              ]),
              'type': 'text',
            }),
            dict({
              'children': list([
              ]),
              'type': 'text',
            }),
            dict({
              'children': list([
              ]),
              'type': 'text',
            }),
            dict({
              'children': list([
              ]),
              'type': 'text',
            }),
            dict({
              'children': list([
              ]),
              'type': 'iframe',
            }),
          ]),
          'type': 'column',
        }),
      ]),
      'Login': list([
        dict({
          'children': list([
          ]),
          'type': 'image',
        }),
        dict({
          'children': list([
          ]),
          'type': 'heading',
        }),
        dict({
          'children': list([
          ]),
          'type': 'auth_form',
        }),
      ]),
      'Service request details': list([
        dict({
          'children': list([
          ]),
          'type': 'heading',
        }),
        dict({
          'children': list([
          ]),
          'type': 'button',
        }),
        dict({
          'children': list([
          ]),
          'type': 'text',
        }),
        dict({
          'children': list([
            dict({
              'children': list([
              ]),
              'type': 'link',
            }),
            dict({
              'children': list([
              ]),
              'type': 'text',
            }),
            dict({
              'children': list([
              ]),
              'type': 'text',
            }),
            dict({
              'children': list([
              ]),
              'type': 'text',
            }),
            dict({
              'children': list([
              ]),
              'type': 'text',
            }),
            dict({
              'children': list([
              ]),
              'type': 'text',
            }),
            dict({
              'children': list([
              ]),
              'type': 'text',
            }),
            dict({
              'children': list([
              ]),
              'type': 'image',
            }),
          ]),
          'type': 'column',
        }),
        dict({
          'children': list([
          ]),
          'type': 'heading',
        }),
        dict({
          'children': list([
            dict({
              'children': list([
              ]),
              'type': 'record_selector',
            }),
            dict({
              'children': list([
              ]),
              'type': 'record_selector',
            }),
          ]),
          'type': 'form_container',
        }),
      ]),
      'Unit details': list([
        dict({
          'children': list([
          ]),
          'type': 'heading',
        }),
        dict({
          'children': list([
          ]),
          'type': 'heading',
        }),
        dict({
          'children': list([
          ]),
          'type': 'table',
        }),
        dict({
          'children': list([
          ]),
          'type': 'heading',
        }),
        dict({
          'children': list([
          ]),
          'type': 'table',
        }),
      ]),
      '__shared__': list([
        dict({
          'children': list([
            dict({
              'children': list([
              ]),
              'type': 'image',
            }),
            dict({
              'children': list([
                dict({
                  'children': list([
                  ]),
                  'type': 'text',
                }),
                dict({
                  'children': list([
                  ]),
                  'type': 'link',
                }),
                dict({
                  'children': list([
                  ]),
                  'type': 'button',
                }),
              ]),
              'type': 'column',
            }),
          ]),
          'type': 'header',
        }),
      ]),
    }),
  })
# ---
