# serializer version: 1
# name: test_template_snapshot[custom-code-demos]
  dict({
    'builder': dict({
      '9. Sticky button': list([
        dict({
          'children': list([
          ]),
          'type': 'text',
        }),
        dict({
          'children': list([
          ]),
          'type': 'link',
        }),
        dict({
          'children': list([
          ]),
          'type': 'text',
        }),
        dict({
          'children': list([
          ]),
          'type': 'heading',
        }),
        dict({
          'children': list([
            dict({
              'children': list([
              ]),
              'type': 'input_text',
            }),
            dict({
              'children': list([
              ]),
              'type': 'input_text',
            }),
            dict({
              'children': list([
              ]),
              'type': 'input_text',
            }),
          ]),
          'type': 'form_container',
        }),
      ]),
      '__shared__': list([
        dict({
          'children': list([
            dict({
              'children': list([
              ]),
              'type': 'heading',
            }),
          ]),
          'type': 'header',
        }),
      ]),
    }),
  })
# ---
