# serializer version: 1
# name: test_template_snapshot[order-kiosk]
  dict({
    'builder': dict({
      'Checkout': list([
        dict({
          'children': list([
          ]),
          'type': 'heading',
        }),
        dict({
          'children': list([
          ]),
          'type': 'text',
        }),
        dict({
          'children': list([
          ]),
          'type': 'heading',
        }),
        dict({
          'children': list([
          ]),
          'type': 'text',
        }),
        dict({
          'children': list([
          ]),
          'type': 'text',
        }),
        dict({
          'children': list([
          ]),
          'type': 'text',
        }),
        dict({
          'children': list([
          ]),
          'type': 'table',
        }),
        dict({
          'children': list([
          ]),
          'type': 'text',
        }),
        dict({
          'children': list([
            dict({
              'children': list([
              ]),
              'type': 'link',
            }),
          ]),
          'type': 'column',
        }),
      ]),
      'Cup selection': list([
        dict({
          'children': list([
            dict({
              'children': list([
              ]),
              'type': 'link',
            }),
          ]),
          'type': 'column',
        }),
        dict({
          'children': list([
          ]),
          'type': 'heading',
        }),
        dict({
          'children': list([
            dict({
              'children': list([
              ]),
              'type': 'link',
            }),
          ]),
          'type': 'repeat',
        }),
        dict({
          'children': list([
            dict({
              'children': list([
              ]),
              'type': 'text',
            }),
            dict({
              'children': list([
              ]),
              'type': 'heading',
            }),
            dict({
              'children': list([
              ]),
              'type': 'image',
            }),
            dict({
              'children': list([
              ]),
              'type': 'text',
            }),
            dict({
              'children': list([
              ]),
              'type': 'text',
            }),
            dict({
              'children': list([
              ]),
              'type': 'text',
            }),
            dict({
              'children': list([
              ]),
              'type': 'text',
            }),
          ]),
          'type': 'column',
        }),
      ]),
      'Ingredients': list([
        dict({
          'children': list([
            dict({
              'children': list([
              ]),
              'type': 'link',
            }),
          ]),
          'type': 'column',
        }),
        dict({
          'children': list([
          ]),
          'type': 'heading',
        }),
        dict({
          'children': list([
          ]),
          'type': 'image',
        }),
        dict({
          'children': list([
          ]),
          'type': 'table',
        }),
      ]),
      'Menu': list([
        dict({
          'children': list([
            dict({
              'children': list([
              ]),
              'type': 'link',
            }),
            dict({
              'children': list([
              ]),
              'type': 'link',
            }),
          ]),
          'type': 'column',
        }),
        dict({
          'children': list([
          ]),
          'type': 'heading',
        }),
        dict({
          'children': list([
            dict({
              'children': list([
                dict({
                  'children': list([
                  ]),
                  'type': 'text',
                }),
                dict({
                  'children': list([
                  ]),
                  'type': 'image',
                }),
                dict({
                  'children': list([
                  ]),
                  'type': 'heading',
                }),
                dict({
                  'children': list([
                  ]),
                  'type': 'text',
                }),
                dict({
                  'children': list([
                  ]),
                  'type': 'text',
                }),
                dict({
                  'children': list([
                  ]),
                  'type': 'link',
                }),
                dict({
                  'children': list([
                  ]),
                  'type': 'text',
                }),
                dict({
                  'children': list([
                  ]),
                  'type': 'text',
                }),
                dict({
                  'children': list([
                  ]),
                  'type': 'link',
                }),
              ]),
              'type': 'column',
            }),
          ]),
          'type': 'repeat',
        }),
      ]),
      'Order detail confirmation': list([
        dict({
          'children': list([
            dict({
              'children': list([
              ]),
              'type': 'link',
            }),
            dict({
              'children': list([
              ]),
              'type': 'link',
            }),
            dict({
              'children': list([
              ]),
              'type': 'link',
            }),
          ]),
          'type': 'column',
        }),
        dict({
          'children': list([
          ]),
          'type': 'heading',
        }),
        dict({
          'children': list([
          ]),
          'type': 'button',
        }),
        dict({
          'children': list([
            dict({
              'children': list([
              ]),
              'type': 'text',
            }),
            dict({
              'children': list([
              ]),
              'type': 'heading',
            }),
            dict({
              'children': list([
              ]),
              'type': 'image',
            }),
            dict({
              'children': list([
              ]),
              'type': 'text',
            }),
            dict({
              'children': list([
              ]),
              'type': 'text',
            }),
            dict({
              'children': list([
              ]),
              'type': 'text',
            }),
            dict({
              'children': list([
              ]),
              'type': 'text',
            }),
            dict({
              'children': list([
              ]),
              'type': 'text',
            }),
            dict({
              'children': list([
              ]),
              'type': 'text',
            }),
          ]),
          'type': 'column',
        }),
      ]),
      'Order details': list([
        dict({
          'children': list([
            dict({
              'children': list([
              ]),
              'type': 'link',
            }),
          ]),
          'type': 'column',
        }),
        dict({
          'children': list([
          ]),
          'type': 'heading',
        }),
        dict({
          'children': list([
          ]),
          'type': 'table',
        }),
      ]),
      'Quantity selection': list([
        dict({
          'children': list([
            dict({
              'children': list([
              ]),
              'type': 'link',
            }),
            dict({
              'children': list([
              ]),
              'type': 'link',
            }),
          ]),
          'type': 'column',
        }),
        dict({
          'children': list([
          ]),
          'type': 'heading',
        }),
        dict({
          'children': list([
            dict({
              'children': list([
              ]),
              'type': 'link',
            }),
          ]),
          'type': 'repeat',
        }),
        dict({
          'children': list([
            dict({
              'children': list([
              ]),
              'type': 'text',
            }),
            dict({
              'children': list([
              ]),
              'type': 'heading',
            }),
            dict({
              'children': list([
              ]),
              'type': 'image',
            }),
            dict({
              'children': list([
              ]),
              'type': 'text',
            }),
            dict({
              'children': list([
              ]),
              'type': 'text',
            }),
            dict({
              'children': list([
              ]),
              'type': 'text',
            }),
            dict({
              'children': list([
              ]),
              'type': 'text',
            }),
            dict({
              'children': list([
              ]),
              'type': 'text',
            }),
          ]),
          'type': 'column',
        }),
      ]),
      'Welcome': list([
        dict({
          'children': list([
          ]),
          'type': 'heading',
        }),
        dict({
          'children': list([
          ]),
          'type': 'button',
        }),
      ]),
      '__shared__': list([
        dict({
          'children': list([
            dict({
              'children': list([
              ]),
              'type': 'image',
            }),
          ]),
          'type': 'header',
        }),
      ]),
    }),
  })
# ---
