# serializer version: 1
# name: test_template_snapshot[santa-logistics]
  dict({
    'builder': dict({
      'Screen': list([
        dict({
          'children': list([
          ]),
          'type': 'iframe',
        }),
        dict({
          'children': list([
            dict({
              'children': list([
              ]),
              'type': 'heading',
            }),
            dict({
              'children': list([
              ]),
              'type': 'heading',
            }),
            dict({
              'children': list([
              ]),
              'type': 'heading',
            }),
            dict({
              'children': list([
              ]),
              'type': 'heading',
            }),
          ]),
          'type': 'column',
        }),
        dict({
          'children': list([
            dict({
              'children': list([
              ]),
              'type': 'heading',
            }),
            dict({
              'children': list([
                dict({
                  'children': list([
                  ]),
                  'type': 'heading',
                }),
                dict({
                  'children': list([
                  ]),
                  'type': 'heading',
                }),
                dict({
                  'children': list([
                  ]),
                  'type': 'heading',
                }),
                dict({
                  'children': list([
                  ]),
                  'type': 'heading',
                }),
                dict({
                  'children': list([
                  ]),
                  'type': 'iframe',
                }),
                dict({
                  'children': list([
                  ]),
                  'type': 'heading',
                }),
                dict({
                  'children': list([
                  ]),
                  'type': 'heading',
                }),
                dict({
                  'children': list([
                  ]),
                  'type': 'heading',
                }),
                dict({
                  'children': list([
                  ]),
                  'type': 'iframe',
                }),
              ]),
              'type': 'repeat',
            }),
            dict({
              'children': list([
                dict({
                  'children': list([
                  ]),
                  'type': 'heading',
                }),
                dict({
                  'children': list([
                  ]),
                  'type': 'heading',
                }),
                dict({
                  'children': list([
                  ]),
                  'type': 'heading',
                }),
                dict({
                  'children': list([
                  ]),
                  'type': 'iframe',
                }),
                dict({
                  'children': list([
                  ]),
                  'type': 'heading',
                }),
                dict({
                  'children': list([
                  ]),
                  'type': 'iframe',
                }),
              ]),
              'type': 'repeat',
            }),
            dict({
              'children': list([
                dict({
                  'children': list([
                  ]),
                  'type': 'heading',
                }),
                dict({
                  'children': list([
                  ]),
                  'type': 'heading',
                }),
                dict({
                  'children': list([
                  ]),
                  'type': 'heading',
                }),
                dict({
                  'children': list([
                  ]),
                  'type': 'heading',
                }),
                dict({
                  'children': list([
                  ]),
                  'type': 'button',
                }),
              ]),
              'type': 'repeat',
            }),
            dict({
              'children': list([
              ]),
              'type': 'heading',
            }),
            dict({
              'children': list([
              ]),
              'type': 'iframe',
            }),
            dict({
              'children': list([
              ]),
              'type': 'heading',
            }),
            dict({
              'children': list([
              ]),
              'type': 'heading',
            }),
            dict({
              'children': list([
              ]),
              'type': 'iframe',
            }),
            dict({
              'children': list([
              ]),
              'type': 'heading',
            }),
            dict({
              'children': list([
              ]),
              'type': 'heading',
            }),
            dict({
              'children': list([
              ]),
              'type': 'iframe',
            }),
            dict({
              'children': list([
              ]),
              'type': 'heading',
            }),
            dict({
              'children': list([
              ]),
              'type': 'heading',
            }),
            dict({
              'children': list([
              ]),
              'type': 'iframe',
            }),
            dict({
              'children': list([
              ]),
              'type': 'heading',
            }),
            dict({
              'children': list([
              ]),
              'type': 'heading',
            }),
            dict({
              'children': list([
              ]),
              'type': 'iframe',
            }),
            dict({
              'children': list([
              ]),
              'type': 'heading',
            }),
            dict({
              'children': list([
              ]),
              'type': 'heading',
            }),
            dict({
              'children': list([
              ]),
              'type': 'iframe',
            }),
          ]),
          'type': 'column',
        }),
      ]),
      '__shared__': list([
      ]),
    }),
  })
# ---
