# serializer version: 1
# name: test_template_snapshot[standard-operating-procedures]
  dict({
    'builder': dict({
      'Home': list([
        dict({
          'children': list([
          ]),
          'type': 'heading',
        }),
        dict({
          'children': list([
            dict({
              'children': list([
                dict({
                  'children': list([
                  ]),
                  'type': 'heading',
                }),
                dict({
                  'children': list([
                  ]),
                  'type': 'text',
                }),
                dict({
                  'children': list([
                  ]),
                  'type': 'link',
                }),
              ]),
              'type': 'column',
            }),
          ]),
          'type': 'repeat',
        }),
      ]),
      'Login': list([
        dict({
          'children': list([
          ]),
          'type': 'heading',
        }),
        dict({
          'children': list([
          ]),
          'type': 'auth_form',
        }),
      ]),
      'Procedure details': list([
        dict({
          'children': list([
          ]),
          'type': 'heading',
        }),
        dict({
          'children': list([
          ]),
          'type': 'text',
        }),
        dict({
          'children': list([
            dict({
              'children': list([
              ]),
              'type': 'input_text',
            }),
            dict({
              'children': list([
              ]),
              'type': 'datetime_picker',
            }),
          ]),
          'type': 'form_container',
        }),
        dict({
          'children': list([
          ]),
          'type': 'heading',
        }),
        dict({
          'children': list([
            dict({
              'children': list([
              ]),
              'type': 'text',
            }),
            dict({
              'children': list([
                dict({
                  'children': list([
                  ]),
                  'type': 'text',
                }),
                dict({
                  'children': list([
                  ]),
                  'type': 'text',
                }),
                dict({
                  'children': list([
                  ]),
                  'type': 'text',
                }),
                dict({
                  'children': list([
                  ]),
                  'type': 'text',
                }),
                dict({
                  'children': list([
                  ]),
                  'type': 'text',
                }),
                dict({
                  'children': list([
                  ]),
                  'type': 'text',
                }),
              ]),
              'type': 'column',
            }),
          ]),
          'type': 'repeat',
        }),
      ]),
      'Procedure improvements': list([
        dict({
          'children': list([
          ]),
          'type': 'heading',
        }),
        dict({
          'children': list([
          ]),
          'type': 'heading',
        }),
        dict({
          'children': list([
            dict({
              'children': list([
                dict({
                  'children': list([
                  ]),
                  'type': 'heading',
                }),
                dict({
                  'children': list([
                  ]),
                  'type': 'text',
                }),
                dict({
                  'children': list([
                  ]),
                  'type': 'text',
                }),
                dict({
                  'children': list([
                  ]),
                  'type': 'text',
                }),
                dict({
                  'children': list([
                  ]),
                  'type': 'text',
                }),
                dict({
                  'children': list([
                    dict({
                      'children': list([
                      ]),
                      'type': 'input_text',
                    }),
                    dict({
                      'children': list([
                      ]),
                      'type': 'input_text',
                    }),
                    dict({
                      'children': list([
                      ]),
                      'type': 'button',
                    }),
                  ]),
                  'type': 'form_container',
                }),
              ]),
              'type': 'column',
            }),
          ]),
          'type': 'repeat',
        }),
      ]),
      '__shared__': list([
        dict({
          'children': list([
            dict({
              'children': list([
              ]),
              'type': 'image',
            }),
            dict({
              'children': list([
              ]),
              'type': 'text',
            }),
            dict({
              'children': list([
              ]),
              'type': 'menu',
            }),
          ]),
          'type': 'header',
        }),
      ]),
    }),
  })
# ---
